-- start_ignore
-- end_ignore
-- @description query01 for HCatalog ORC timestamp column in WHERE clause
SELECT t1 FROM pxf_hive_orc_types WHERE tm = '2013-07-13 21:00:05';
t1
------
 row1
 row2
(2 rows)
SELECT t1 FROM pxf_hive_orc_types WHERE '2013-07-13 21:00:05' = tm;
t1
------
 row1
 row2
(2 rows)
