-- @description query01 for PXF Hive feature checking error when Hive metastore is down.

-- start_matchsubs
--                                                                                               
-- # create a match/subs
--
-- m/DETAIL/
-- s/DETAIL/CONTEXT/
--
-- end_matchsubs
SELECT *  FROM pxf_hive_metastore_down;
ERROR:  PXF server error : Failed connecting to Hive MetaStore service: Could not connect to meta store using any of the URIs provided. Most recent failure: org.apache.thrift.transport.TTransportException: java.net.ConnectException: Connection refused (Connection refused)
CONTEXT:  External table pxf_hive_metastore_down
