-- @description query01 for PXF HDFS Readable Avro in Sequence files test cases

SELECT * from avro_in_seq_complex ORDER BY num1;
 num1 | num2 | num3 | num4 |               t1                |               t2                |               t3                |               t4                |               t5                |        t6         | dub1 | dub2 | dub3 | ft1 | ft2 | ft3 | ln1 | ln2 | ln3 | bl1 | bl2 | bl3 |   bts    
------+------+------+------+---------------------------------+---------------------------------+---------------------------------+---------------------------------+---------------------------------+-------------------+------+------+------+-----+-----+-----+-----+-----+-----+-----+-----+-----+----------
   10 |   20 |   10 |   20 | strings_array_member_number___1 | strings_array_member_number___2 | strings_array_member_number___3 | strings_array_member_number___4 | strings_array_member_number___5 | short_string___1  |   10 |   20 |   60 |  23 |  46 |  23 |  30 |  40 |  15 | t   | f   | t   | AvroDude
   20 |   40 |   20 |   40 | strings_array_member_number___1 | strings_array_member_number___2 | strings_array_member_number___3 | strings_array_member_number___4 | strings_array_member_number___5 | short_string___2  |   20 |   40 |   70 |  46 |  92 |  46 |  60 |  80 |  25 | t   | f   | t   | AvroDude
   30 |   60 |   30 |   60 | strings_array_member_number___1 | strings_array_member_number___2 | strings_array_member_number___3 | strings_array_member_number___4 | strings_array_member_number___5 | short_string___3  |   30 |   60 |   80 |  69 | 138 |  69 |  90 | 120 |  35 | t   | f   | t   | AvroDude
   40 |   80 |   40 |   80 | strings_array_member_number___1 | strings_array_member_number___2 | strings_array_member_number___3 | strings_array_member_number___4 | strings_array_member_number___5 | short_string___4  |   40 |   80 |   90 |  92 | 184 |  92 | 120 | 160 |  45 | t   | f   | t   | AvroDude
   50 |  100 |   50 |  100 | strings_array_member_number___1 | strings_array_member_number___2 | strings_array_member_number___3 | strings_array_member_number___4 | strings_array_member_number___5 | short_string___5  |   50 |  100 |  100 | 115 | 230 | 115 | 150 | 200 |  55 | t   | f   | t   | AvroDude
   60 |  120 |   60 |  120 | strings_array_member_number___1 | strings_array_member_number___2 | strings_array_member_number___3 | strings_array_member_number___4 | strings_array_member_number___5 | short_string___6  |   60 |  120 |  110 | 138 | 276 | 138 | 180 | 240 |  65 | t   | f   | t   | AvroDude
   70 |  140 |   70 |  140 | strings_array_member_number___1 | strings_array_member_number___2 | strings_array_member_number___3 | strings_array_member_number___4 | strings_array_member_number___5 | short_string___7  |   70 |  140 |  120 | 161 | 322 | 161 | 210 | 280 |  75 | t   | f   | t   | AvroDude
   80 |  160 |   80 |  160 | strings_array_member_number___1 | strings_array_member_number___2 | strings_array_member_number___3 | strings_array_member_number___4 | strings_array_member_number___5 | short_string___8  |   80 |  160 |  130 | 184 | 368 | 184 | 240 | 320 |  85 | t   | f   | t   | AvroDude
   90 |  180 |   90 |  180 | strings_array_member_number___1 | strings_array_member_number___2 | strings_array_member_number___3 | strings_array_member_number___4 | strings_array_member_number___5 | short_string___9  |   90 |  180 |  140 | 207 | 414 | 207 | 270 | 360 |  95 | t   | f   | t   | AvroDude
  100 |  200 |  100 |  200 | strings_array_member_number___1 | strings_array_member_number___2 | strings_array_member_number___3 | strings_array_member_number___4 | strings_array_member_number___5 | short_string___10 |  100 |  200 |  150 | 230 | 460 | 230 | 300 | 400 | 105 | t   | f   | t   | AvroDude
  110 |  220 |  110 |  220 | strings_array_member_number___1 | strings_array_member_number___2 | strings_array_member_number___3 | strings_array_member_number___4 | strings_array_member_number___5 | short_string___11 |  110 |  220 |  160 | 253 | 506 | 253 | 330 | 440 | 115 | t   | f   | t   | AvroDude
  120 |  240 |  120 |  240 | strings_array_member_number___1 | strings_array_member_number___2 | strings_array_member_number___3 | strings_array_member_number___4 | strings_array_member_number___5 | short_string___12 |  120 |  240 |  170 | 276 | 552 | 276 | 360 | 480 | 125 | t   | f   | t   | AvroDude
  130 |  260 |  130 |  260 | strings_array_member_number___1 | strings_array_member_number___2 | strings_array_member_number___3 | strings_array_member_number___4 | strings_array_member_number___5 | short_string___13 |  130 |  260 |  180 | 299 | 598 | 299 | 390 | 520 | 135 | t   | f   | t   | AvroDude
  140 |  280 |  140 |  280 | strings_array_member_number___1 | strings_array_member_number___2 | strings_array_member_number___3 | strings_array_member_number___4 | strings_array_member_number___5 | short_string___14 |  140 |  280 |  190 | 322 | 644 | 322 | 420 | 560 | 145 | t   | f   | t   | AvroDude
  150 |  300 |  150 |  300 | strings_array_member_number___1 | strings_array_member_number___2 | strings_array_member_number___3 | strings_array_member_number___4 | strings_array_member_number___5 | short_string___15 |  150 |  300 |  200 | 345 | 690 | 345 | 450 | 600 | 155 | t   | f   | t   | AvroDude
  160 |  320 |  160 |  320 | strings_array_member_number___1 | strings_array_member_number___2 | strings_array_member_number___3 | strings_array_member_number___4 | strings_array_member_number___5 | short_string___16 |  160 |  320 |  210 | 368 | 736 | 368 | 480 | 640 | 165 | t   | f   | t   | AvroDude
  170 |  340 |  170 |  340 | strings_array_member_number___1 | strings_array_member_number___2 | strings_array_member_number___3 | strings_array_member_number___4 | strings_array_member_number___5 | short_string___17 |  170 |  340 |  220 | 391 | 782 | 391 | 510 | 680 | 175 | t   | f   | t   | AvroDude
  180 |  360 |  180 |  360 | strings_array_member_number___1 | strings_array_member_number___2 | strings_array_member_number___3 | strings_array_member_number___4 | strings_array_member_number___5 | short_string___18 |  180 |  360 |  230 | 414 | 828 | 414 | 540 | 720 | 185 | t   | f   | t   | AvroDude
  190 |  380 |  190 |  380 | strings_array_member_number___1 | strings_array_member_number___2 | strings_array_member_number___3 | strings_array_member_number___4 | strings_array_member_number___5 | short_string___19 |  190 |  380 |  240 | 437 | 874 | 437 | 570 | 760 | 195 | t   | f   | t   | AvroDude
  200 |  400 |  200 |  400 | strings_array_member_number___1 | strings_array_member_number___2 | strings_array_member_number___3 | strings_array_member_number___4 | strings_array_member_number___5 | short_string___20 |  200 |  400 |  250 | 460 | 920 | 460 | 600 | 800 | 205 | t   | f   | t   | AvroDude
(20 rows)
