-- @description query01 for JDBC named queries
-- start_ignore
-- end_ignore
SELECT gpdb_dept.name, count(*), max(gpdb_emp.salary)
FROM gpdb_dept JOIN gpdb_emp
ON gpdb_dept.id = gpdb_emp.dept_id
GROUP BY gpdb_dept.name;
  name   | count | max 
---------+-------+-----
 finance |     4 | 103
 it      |     2 |  96
 sales   |     3 | 120
(3 rows)

SELECT * FROM pxf_jdbc_read_named_query ORDER BY name;
  name   | count | max
---------+-------+-----
 finance |     4 | 103
 it      |     2 |  96
 sales   |     3 | 120
(3 rows)

SELECT name, count FROM pxf_jdbc_read_named_query WHERE max > 100 ORDER BY name;
  name   | count
---------+-------
 finance |     4
 sales   |     3
(2 rows)

SELECT max(max) FROM pxf_jdbc_read_named_query;
 max
-----
 120
(1 row)

SELECT * FROM pxf_jdbc_read_named_query_partitioned ORDER BY name;
  name   | count | max
---------+-------+-----
 finance |     4 | 103
 it      |     2 |  96
 sales   |     3 | 120
(3 rows)

SELECT name, count FROM pxf_jdbc_read_named_query_partitioned WHERE count > 2 ORDER BY name;
  name   | count
---------+-------
 finance |     4
 sales   |     3
(2 rows)