-- @description query01 for PXF hive RC mismatched types

-- start_matchsubs
--                                                                                               
-- # create a match/subs
--
-- m/  Description  .*/
-- s/Description  .*/Description   DESCRIPTION/
--
-- m/DETAIL/
-- s/DETAIL/CONTEXT/
--
-- m/CONTEXT:.*line.*/
-- s/line \d* of //g
--
-- m//
-- s///
--
-- end_matchsubs
SELECT * from gpdb_hive_types ORDER BY t1;
ERROR:  PXF server error : org.greenplum.pxf.api.error.UnsupportedTypeException: Invalid definition for column sml: expected GPDB type SMALLINT, actual GPDB type INTEGER
-- start_ignore
HINT:  Check the PXF logs located in the 'logs-dir' directory on host 'mdw' or 'set client_min_messages=LOG' for additional details.
-- end_ignore
DETAIL:  External table gpdb_hive_types, file pxf://hive_types_rc?FRAGMENTER=org.greenplum.pxf.plugins.hive.HiveInputFormatFragmenter&ACCESSOR=org.greenplum.pxf.plugins.hive.HiveRCFileAccessor&RESOLVER=org.greenplum.pxf.plugins.hive.HiveColumnarSerdeResolver
