-- @description query01 for PXF Invalid Kerberos Principal error.

-- start_matchsubs
--
-- # create a match/subs
--
-- m/\/gpdb\/v\d+\//
-- s/v\d+/SOME_VERSION/
--
-- m/file:.*;/
-- s/file:.*; lineNumber: \d+; columnNumber: \d+;/SOME_ERROR_LOCATION/g
--
-- m/PXF service login failed for server secure-hdfs-invalid-principal.*/
-- s/PXF service login failed for server secure-hdfs-invalid-principal.*/PXF service login failed for server secure-hdfs-invalid-principal/
--
-- m/DETAIL/
-- s/DETAIL/CONTEXT/
--
-- m/pxf:\/\/(.*)\/pxf_automation_data\/[0-9a-fA-F]{8}\-[0-9a-fA-F]{4}\-[0-9a-fA-F]{4}\-[0-9a-fA-F]{4}\-[0-9a-fA-F]{12}/
-- s/pxf:\/\/.*\/pxf_automation_data\/[0-9a-fA-F]{8}\-[0-9a-fA-F]{4}\-[0-9a-fA-F]{4}\-[0-9a-fA-F]{4}\-[0-9a-fA-F]{12}/pxf:\/\/pxf_automation_data/
--
-- m/CONTEXT:.*line.*/
-- s/line \d* of //g
--
-- end_matchsubs
SELECT * FROM pxf_secured_invalid_principal ORDER BY name;
ERROR:  PXF server error : PXF service login failed for server secure-hdfs-invalid-principal
-- start_ignore
HINT:  Check the PXF logs located in the 'logs-dir' directory on host 'mdw' or 'set client_min_messages=LOG' for additional details.
-- end_ignore
DETAIL:  External table pxf_secured_invalid_principal, file pxf://pxf_automation_data/data.txt?PROFILE=hdfs:text&SERVER=secure-hdfs-invalid-principal
