-- @description query01 for PXF Hive Small Column subset test
SELECT * from pxf_hive_small_data WHERE num1 <= 10 ORDER BY num1;
  fmt  | num1 |  t2  
-------+------+------
 abcd  |    1 | s_6
 abcde |    2 | s_7
 abcde |    3 | s_8
 abcde |    4 | s_9
 abcde |    5 | s_10
 abcde |    6 | s_11
 abcde |    7 | s_12
 abcde |    8 | s_13
 abcde |    9 | s_14
 abcde |   10 | s_15
(10 rows)
