-- @description query01 for HCatalog heterogeneous tabl 
SELECT * FROM hcatalog.default.reg_heterogen_diff_data_partitions ORDER BY fmt, t0;
    t0     |   t1   | num1 |  d1  | fmt 
-----------+--------+------+------+-----
 row10_orc | s_15_4 |  410 | 4015 | orc
 row1_orc  | s_6_4  |  401 | 4006 | orc
 row2_orc  | s_7_4  |  402 | 4007 | orc
 row3_orc  | s_8_4  |  403 | 4008 | orc
 row4_orc  | s_9_4  |  404 | 4009 | orc
 row5_orc  | s_10_4 |  405 | 4010 | orc
 row6_orc  | s_11_4 |  406 | 4011 | orc
 row7_orc  | s_12_4 |  407 | 4012 | orc
 row8_orc  | s_13_4 |  408 | 4013 | orc
 row9_orc  | s_14_4 |  409 | 4014 | orc
 row10_rc  | s_15_1 |  110 | 1015 | rc
 row1_rc   | s_6_1  |  101 | 1006 | rc
 row2_rc   | s_7_1  |  102 | 1007 | rc
 row3_rc   | s_8_1  |  103 | 1008 | rc
 row4_rc   | s_9_1  |  104 | 1009 | rc
 row5_rc   | s_10_1 |  105 | 1010 | rc
 row6_rc   | s_11_1 |  106 | 1011 | rc
 row7_rc   | s_12_1 |  107 | 1012 | rc
 row8_rc   | s_13_1 |  108 | 1013 | rc
 row9_rc   | s_14_1 |  109 | 1014 | rc
 row10_seq | s_15_3 |  310 | 3015 | seq
 row1_seq  | s_6_3  |  301 | 3006 | seq
 row2_seq  | s_7_3  |  302 | 3007 | seq
 row3_seq  | s_8_3  |  303 | 3008 | seq
 row4_seq  | s_9_3  |  304 | 3009 | seq
 row5_seq  | s_10_3 |  305 | 3010 | seq
 row6_seq  | s_11_3 |  306 | 3011 | seq
 row7_seq  | s_12_3 |  307 | 3012 | seq
 row8_seq  | s_13_3 |  308 | 3013 | seq
 row9_seq  | s_14_3 |  309 | 3014 | seq
 row10_txt | s_15_2 |  210 | 2015 | txt
 row1_txt  | s_6_2  |  201 | 2006 | txt
 row2_txt  | s_7_2  |  202 | 2007 | txt
 row3_txt  | s_8_2  |  203 | 2008 | txt
 row4_txt  | s_9_2  |  204 | 2009 | txt
 row5_txt  | s_10_2 |  205 | 2010 | txt
 row6_txt  | s_11_2 |  206 | 2011 | txt
 row7_txt  | s_12_2 |  207 | 2012 | txt
 row8_txt  | s_13_2 |  208 | 2013 | txt
 row9_txt  | s_14_2 |  209 | 2014 | txt
(40 rows)