-- @description query02 for HCatalog test on small data
SELECT s1, n1 FROM hcatalog.default.hive_table WHERE n1 > 50 ORDER BY s1;
   s1    |  n1 
---------+-----
 row_100 | 100
 row_51  |  51
 row_52  |  52
 row_53  |  53
 row_54  |  54
 row_55  |  55
 row_56  |  56
 row_57  |  57
 row_58  |  58
 row_59  |  59
 row_60  |  60
 row_61  |  61
 row_62  |  62
 row_63  |  63
 row_64  |  64
 row_65  |  65
 row_66  |  66
 row_67  |  67
 row_68  |  68
 row_69  |  69
 row_70  |  70
 row_71  |  71
 row_72  |  72
 row_73  |  73
 row_74  |  74
 row_75  |  75
 row_76  |  76
 row_77  |  77
 row_78  |  78
 row_79  |  79
 row_80  |  80
 row_81  |  81
 row_82  |  82
 row_83  |  83
 row_84  |  84
 row_85  |  85
 row_86  |  86
 row_87  |  87
 row_88  |  88
 row_89  |  89
 row_90  |  90
 row_91  |  91
 row_92  |  92
 row_93  |  93
 row_94  |  94
 row_95  |  95
 row_96  |  96
 row_97  |  97
 row_98  |  98
 row_99  |  99
(50 rows)
