--- @description query01 for PXF hive column count mismatch

-- start_matchsubs
--                                                                                               
-- # create a match/subs
--
-- m/(ERROR|WARNING):.*remote component error.*\(\d+\).*from.*'\d+\.\d+\.\d+\.\d+:\d+'.*/
-- s/'\d+\.\d+\.\d+\.\d+:\d+'/'SOME_IP:SOME_PORT'/
--
-- m/   description   .*/
-- s/description   .*/description   DESCRIPTION/
--
-- m/DETAIL/
-- s/DETAIL/CONTEXT/
--
-- m/CONTEXT:.*line.*/
-- s/line \d* of //g
--
-- end_matchsubs
SELECT * from pxf_hive_small_data ORDER BY t1;
ERROR:  remote component error (500) from 'SOME_IP:SOME_PORT':  type  Exception Report   Message  Column 's2' does not exist in the Hive schema or Hive Partition. Ensure the column or partition exists and check the name spelling and case   Description  The server encountered an unexpected condition that prevented it from fulfilling the request.   Exception   java.lang.IllegalArgumentException: Column 's2' does not exist in the Hive schema or Hive Partition. Ensure the column or partition exists and check the name spelling and case (libchurl.c:xxx)
CONTEXT:  External table pxf_hive_small_data, file pxf://hive_rc_table?PROFILE=HiveRC