-- @description query01 for PXF HDFS Readable Avro supported complex and null types test cases
SELECT * from avrotest_complex_null ORDER BY sourcetimestamp;
 sourcetimestamp | sourceagent | sourceip_address | meetmeuser_id | meetmeinterested_uid | meetmevote | meetmeis_match | meetmenetwork_score | meetmeresponsiveness_score |      meetmesession_id      | meetmefriends | meetmeprevious_view | meetmemodel | meetmescore | meetmemethod | meetmecontributions | meetmeclicksource | meetmeclickaction | meetmeprofileview_ts | meetmeplatform | metatopic_name | metarequest_user_agent | metarequest_session_id | metarequest_id | metakvpairs | meta_handlers
-----------------+-------------+------------------+---------------+----------------------+------------+----------------+---------------------+----------------------------+----------------------------+---------------+---------------------+-------------+-------------+--------------+---------------------+-------------------+-------------------+----------------------+----------------+----------------+------------------------+------------------------+----------------+-------------+---------------
   1440431133970 | PHP         | 10.15.24.176     |    6032303487 |           5407995624 |            |                |                     |                            | t6nl6e4juomjdfbfbbskt7i2k4 |               |                     |          -1 |          -1 |           -1 | -1                  | none              | vote              |                      | Android        | s_meetme       |                        |                        |                |             |
   1440431134041 | PHP         | 10.15.25.80      |    6011652588 |           5881330952 | N          |                |                     |                            | p9f7rkgut1rr4m0u2d6tj72bg2 |               |                     |          -1 |          -1 |           -1 | -1                  | none              | vote              |                      |                | s_meetme       |                        |                        |                |             |
   1440431134132 | PHP         | 10.15.25.80      |    6008686913 |           6007237928 | Y          |                |                     |                            | enj3hmeujag47oevlq0n4f7m75 |               |                     |          -1 |          -1 |           -1 | -1                  | none              | vote              |                      | Android        | s_meetme       |                        |                        |                |             |
   1440431134133 | PHP         | 10.15.25.80      |      14467797 |              5927787 | N          |                |                     |                            | sgba82mllsm7lk8bk0n996f0j5 |               |                     |          -1 |          -1 |           -1 | -1                  | none              | vote              |                      | Daiquiri       |                |                        |                        |                |             |
   1440431134134 | PHP         | 10.15.25.80      |    5400715574 |           5987677314 | N          |                |                     |                            | 3u7h5lif0v6ih2k4f85otk8mn0 |               | mobile_suggestion   |          -1 |          -1 |           -1 |                     | none              | vote              |                      | iPhone         | s_meetme       |                        |                        |                |             |
   1440431134175 | PHP         | 10.15.24.176     |    6039442368 |           5394085227 | N          |                |                     |                            | 19td57ej9mon8aciptqbs7tpb4 |               |                     |          -1 |          -1 |           -1 | -1                  | none              | vote              |                      | Daiquiri       | s_meetme       |                        |                        |                |             |
   1440431134236 | PHP         | 10.15.24.176     |    5401874558 |           5391705492 | N          |                |                     |                            | kusjikmvcfo8ekhokfd327ggl7 |               |                     |          -1 |          -1 |           -1 | -1                  | none              | vote              |                      | Daiquiri       | s_meetme       |                        |                        |                |             |
   1440431134252 | PHP         | 10.15.24.176     |    6020093035 |           6012211809 | N          |                |                     |                            | 7cv12cfq38cbj8igrqjjc9jvo2 |               |                     |          -1 |          -1 |           -1 | -1                  | none              | vote              |                      | Daiquiri       | s_meetme       |                        |                        |                |             |
   1440431134297 | PHP         | 10.15.25.80      |    7263969587 |           6039655497 | N          |                |                     |                            | e8mps9fmeurbaen88ngtc3s240 |               |                     |          -1 |          -1 |              | -1                  |                   | vote              |                      | Daiquiri       | s_meetme       |                        |                        |                |             |
   1440431134432 | PHP         | 10.15.25.80      |    5784884996 |            732208045 | N          |                |                     |                            | v20cqnuk1b0qiklbtv87cmrga1 |               |                     |          -1 |          -1 |           -1 | -1                  | none              | vote              |                      | Daiquiri       | s_meetme       |                        |                        |                |             |
   1440431134443 | PHP         | 10.15.25.80      |    5426662681 |           6032599186 | N          |              1 |                     |                            | li8c6spphj8vn57dra4pfrfl41 |               |                     |          -1 |             |           -1 | -1                  | none              | vote              |                      | Android        | s_meetme       |                        |                        |                |             |
   1440431134488 | PHP         | 10.15.25.80      |    5967343405 |           6018458785 | N          |                |                     |                            | bfjmam0tpcsbtrnm9omv796nq0 |               | mobile_suggestion   |          -1 |          -1 |           -1 | -1                  | none              | vote              |                      | iPhone         | s_meetme       |                        |                        |                |             |
   1440431134491 | PHP         | 10.15.24.176     |    6003042425 |           7259224563 | N          |                |                     |                            | 4ot3j6edqefrgka166k5ts1el7 |               |                     |          -1 |          -1 |           -1 | -1                  | none              |                   |                      | Android        | s_meetme       |                        |                        |                |             |
   1440431134624 | PHP         | 10.15.24.176     |    6031671980 |           7276294704 | Y          |                |                     |                            |                            |               |                     |          -1 |          -1 |           -1 |                     | none              | vote              |                      | Android        | s_meetme       |                        |                        |                |             |
   1440431134635 | PHP         | 10.15.25.80      |    7312401267 |             59486221 | Y          |                |                     |                            | orjhs5aurfppiq03gba6l65100 |               |                     |          -1 |          -1 |           -1 | -1                  | none              | vote              |                      | Android        | s_meetme       |                        |                        |                |             |
   1440431134779 | PHP         | 10.15.25.80      |    5904830940 |            370485135 | N          |                |                     |                            | 4v4o92ve2r5ja6oq75f9b6f6m1 |               |                     |          -1 |          -1 |           -1 | -1                  | none              | vote              |                      | Daiquiri       | s_meetme       |                        |                        |                |             |
   1440431134805 | PHP         | 10.15.24.50      |               |           5793521944 | N          |                |                     |                            | 9s56n9cs7mh4kpne9u92kjv3b0 |               |                     |          -1 |          -1 |           -1 | -1                  | none              | vote              |                      | Daiquiri       | s_meetme       |                        |                        |                |             |
   1440431134814 | PHP         | 10.15.24.50      |    5391142462 |                      | N          |                |                     |                            | 6glj6dv6h4g7oifcg5m4eang16 |               |                     |          -1 |          -1 |           -1 | -1                  | none              | vote              |                      | Daiquiri       | s_meetme       |                        |                        |                |             |
   1440431134837 | PHP         | 10.15.25.80      |    5926950987 |           6037632322 | N          |              1 |                     |                            | pd1vufb7461cg9jpbtba0i5326 |               |                     |          -1 |          -1 |           -1 | -1                  | none              | vote              |                      | Daiquiri       | s_meetme       |                        |                        |                |             |
   1440431134845 | PHP         | 10.15.25.80      |    6029121958 |           5968778749 | N          |                |                     |                            | ml56igodc1eh435drp7rlrjq01 |               |                     |             |          -1 |           -1 | -1                  | none              | vote              |                      | Android        | s_meetme       |                        |                        |                |             |
(20 rows)

SELECT sourcetimestamp, meetmeprevious_view from avrotest_complex_null where meetmeprevious_view IS NULL ORDER BY sourcetimestamp;
 sourcetimestamp | meetmeprevious_view
-----------------+---------------------
   1440431133970 |
   1440431134041 |
   1440431134132 |
   1440431134133 |
   1440431134175 |
   1440431134236 |
   1440431134252 |
   1440431134297 |
   1440431134432 |
   1440431134443 |
   1440431134491 |
   1440431134624 |
   1440431134635 |
   1440431134779 |
   1440431134805 |
   1440431134814 |
   1440431134837 |
   1440431134845 |
(18 rows)

SELECT sourcetimestamp, meetmeprevious_view from avrotest_complex_null where meetmeprevious_view IS NOT NULL ORDER BY sourcetimestamp;
 sourcetimestamp | meetmeprevious_view
-----------------+---------------------
   1440431134134 | mobile_suggestion
   1440431134488 | mobile_suggestion
(2 rows)

