-- @description query01 for PXF HBase - long qualifier name with look up table

SELECT * from long_qualifiers_hbase_table;
                                                                                    used_to_be_long                                                                                    |  short  
---------------------------------------------------------------------------------------------------------------------------------------------------------------------------------------+---------
 long_long_long_long_long_long_long_long_long_long_long_long_long_long_long_long_long_long_long_long_long_long_long_long_long_long_long_long_long_long_long_long_long_long_long_long_0 | short_0
 long_long_long_long_long_long_long_long_long_long_long_long_long_long_long_long_long_long_long_long_long_long_long_long_long_long_long_long_long_long_long_long_long_long_long_long_1 | short_1
 long_long_long_long_long_long_long_long_long_long_long_long_long_long_long_long_long_long_long_long_long_long_long_long_long_long_long_long_long_long_long_long_long_long_long_long_2 | short_2
 long_long_long_long_long_long_long_long_long_long_long_long_long_long_long_long_long_long_long_long_long_long_long_long_long_long_long_long_long_long_long_long_long_long_long_long_3 | short_3
 long_long_long_long_long_long_long_long_long_long_long_long_long_long_long_long_long_long_long_long_long_long_long_long_long_long_long_long_long_long_long_long_long_long_long_long_4 | short_4
 long_long_long_long_long_long_long_long_long_long_long_long_long_long_long_long_long_long_long_long_long_long_long_long_long_long_long_long_long_long_long_long_long_long_long_long_5 | short_5
 long_long_long_long_long_long_long_long_long_long_long_long_long_long_long_long_long_long_long_long_long_long_long_long_long_long_long_long_long_long_long_long_long_long_long_long_6 | short_6
 long_long_long_long_long_long_long_long_long_long_long_long_long_long_long_long_long_long_long_long_long_long_long_long_long_long_long_long_long_long_long_long_long_long_long_long_7 | short_7
 long_long_long_long_long_long_long_long_long_long_long_long_long_long_long_long_long_long_long_long_long_long_long_long_long_long_long_long_long_long_long_long_long_long_long_long_8 | short_8
 long_long_long_long_long_long_long_long_long_long_long_long_long_long_long_long_long_long_long_long_long_long_long_long_long_long_long_long_long_long_long_long_long_long_long_long_9 | short_9
(10 rows)