-- @description query01 for PXF HBase - long qualifier name with no look up table

SELECT * from long_qualifiers_hbase_table;
 recordkey | cf1:very_long_qualifier_name_that_gpdb_will_probaly_is_going_to | cf1:short_qualifier
-----------+-----------------------------------------------------------------+---------------------
 000000000 |                                                                 | short_0
 000000010 |                                                                 | short_1
 000000020 |                                                                 | short_2
 000000030 |                                                                 | short_3
 000000040 |                                                                 | short_4
 000000050 |                                                                 | short_5
 000000060 |                                                                 | short_6
 000000070 |                                                                 | short_7
 000000080 |                                                                 | short_8
 000000090 |                                                                 | short_9
(10 rows)